// Jest Snapshot v1, https://goo.gl/fbAQLP

exports[`renders the app 1`] = `
<DocumentFragment>
  <div
    class="App"
  >
    <div
      class="navbar"
    >
      <img
        alt="surreal estate logo"
        src="https://mcrcodes.s3.eu-west-2.amazonaws.com/course/surreal-estate/logo.png"
      />
      <ul
        class="navbar-links"
      >
        <a
          aria-current="page"
          class="navbar-links-item active"
          href="/"
        >
          <li>
            View properties
          </li>
        </a>
        <a
          class="navbar-links-item"
          href="/add-property"
        >
          <li>
            Add a property
          </li>
        </a>
      </ul>
    </div>
    <div
      class="properties-page"
    >
      <div
        class="alert"
      />
      <div>
        <div
          class="property-cards"
        />
      </div>
    </div>
  </div>
</DocumentFragment>
`;
